// Jest Snapshot v1, https://goo.gl/fbAQLP

exports[`SimpleCache should toJSON 1`] = `
"{
  \\"1\\": 1,
  \\"2\\": 2,
  \\"3\\": 3,
  \\"4\\": 4,
  \\"5\\": 5,
  \\"6\\": 6,
  \\"7\\": 7,
  \\"8\\": 8,
  \\"9\\": 9,
  \\"10\\": 10
}"
`;

exports[`SimpleCache should toString: SimpleCache.toString 1`] = `"SimpleCache<Snapshot> { size: 0, capacity: 1 }"`;
